ast error
at /home/djp/pkt-rs/pktfmt/tests/parse_errors_input/field_error_6.pktfmt 3:23-6:9
                          ~~~~~~~
3 |         fake_field1 = Field {
4 |             bit = 4,
5 |             default = 1000
6 |         },
    ^^^^^^^^^
field error 6:
invalid default 1000 , should be no larger than 15
