ast error
at /home/djp/pkt-rs/pktfmt/tests/parse_errors_input/header_error_4.pktfmt 2:5-15:5
         ~~~~~~~~~~
 2 |     header = [
 3 |         field_1 = Field {
 4 |             bit = 8, 
......
13 |             bit = 8, 
14 |         }
15 |     ]
     ^^^^^
header error 4:
header byte length is at least 1048577, exceeding the maximum MTU size 1048575
