ast error
at /home/djp/pkt-rs/pktfmt/tests/parse_errors_input/length_error_1.pktfmt 14:5-18:5
         ~~~~~~~~~~
14 |     length = [
15 |         header_len =field_1*3,
16 |         payload_len =,
17 |         packet_len=
18 |     ]
     ^^^^^
length error 1:
invalid packet length format
