ast error
at /home/djp/pkt-rs/pktfmt/tests/parse_errors_input/length_error_5.pktfmt 15:5-18:5
         ~~~~~~~~~~
15 |     length = [
16 |         header_len =field_1*4611686018427387904,
17 |         payload_len =field_2*3,
18 |     ]
     ^^^^^
length error 5:
the length can not be calculated for header_len using the max field value 255
