ast error
at /home/djp/pkt-rs/pktfmt/tests/parse_errors_input/length_error_7.pktfmt 16:5-19:5
         ~~~~~~~~~~
16 |     length = [
17 |         header_len =field_1*4,
18 |         payload_len =field_2*3,
19 |     ]
     ^^^^^
length error 7:
header length 3 can not be derived from the header_len expression
