ast error
at /home/djp/pkt-rs/pktfmt/tests/parse_errors_input/length_error_8.pktfmt 14:5-17:5
         ~~~~~~~~~~
14 |     length = [
15 |         header_len =field_5*3,
16 |         payload_len =field_2*3,
17 |     ]
     ^^^^^
length error 8:
invalid length expression field name field_5
