ast error
at /home/djp/pkt-rs/pktfmt/tests/parse_errors_input/length_error_2.pktfmt 17:5-20:5
         ~~~~~~~~~~
17 |     length = [
18 |         header_len =field_1,
19 |         payload_len =field_2*3,
20 |     ]
     ^^^^^
length error 2:
field field_2 used for computing the payload_len can not have a fixed default value
