ast error
at /home/djp/pkt-rs/pktfmt/tests/parse_errors_input/length_error_11.pktfmt 15:5-18:5
         ~~~~~~~~~~
15 |     length = [
16 |         header_len =field_1*4,
17 |         payload_len =field_2*3,
18 |     ]
     ^^^^^
length error 11:
the bit size 128 of length field field_1 exceeds the bit size 64 of usize
