ast error
at /home/djp/pkt-rs/pktfmt/tests/parse_errors_input/length_error_9.pktfmt 16:5-19:5
         ~~~~~~~~~~
16 |     length = [
17 |         header_len =field_1*4,
18 |         payload_len =field_2*3,
19 |     ]
     ^^^^^
length error 9:
the field used by length expression is invalid: Field { bit: 16, repr: ByteSlice, arg: BuiltinTypes(ByteSlice), default: Bytes([0, 0]), gen: false, default_fix: false }
