ast error
at /home/djp/pkt-rs/pktfmt/tests/parse_errors_input/length_error_6.pktfmt 15:5-18:5
         ~~~~~~~~~~
15 |     length = [
16 |         header_len =field_1*1000000000,
17 |         payload_len =field_2*3,
18 |     ]
     ^^^^^
length error 6:
max length 255000000000 of header_len exceeds MTU limit
